[preview.uideck.com/items/cafe/index.html]
[backblue.gif]
[fade.gif]
[index.html]
[preview.uideck.com/items/cafe/assets/images/favicon.png]
[preview.uideck.com/items/cafe/assets/css/animate.css]
[preview.uideck.com/items/cafe/assets/css/slick.css]
[preview.uideck.com/items/cafe/assets/css/LineIcons.css]
[preview.uideck.com/items/cafe/assets/css/bootstrap.min.css]
[preview.uideck.com/items/cafe/assets/css/default.css]
[preview.uideck.com/items/cafe/assets/css/style.css]
[preview.uideck.com/items/cafe/assets/images/logo.svg]
[preview.uideck.com/items/cafe/assets/images/slider-1.jpg]
[preview.uideck.com/items/cafe/assets/images/slider-2.jpg]
[preview.uideck.com/items/cafe/assets/images/coffee-1.jpg]
[preview.uideck.com/items/cafe/assets/images/coffee-2.jpg]
[preview.uideck.com/items/cafe/assets/images/coffee-3.jpg]
[preview.uideck.com/items/cafe/assets/images/slider-3.jpg]
[preview.uideck.com/items/cafe/assets/images/about.jpg]
[preview.uideck.com/items/cafe/assets/images/counter_bg.jpg]
[preview.uideck.com/items/cafe/assets/images/customer-1.jpg]
[preview.uideck.com/items/cafe/assets/images/customer-2.jpg]
[preview.uideck.com/items/cafe/assets/images/customer-3.jpg]
[preview.uideck.com/items/cafe/assets/images/gallery-1.jpg]
[preview.uideck.com/items/cafe/assets/images/gallery-2.jpg]
[preview.uideck.com/items/cafe/assets/images/gallery-3.jpg]
[preview.uideck.com/items/cafe/assets/images/gallery-4.jpg]
[preview.uideck.com/items/cafe/assets/images/coffee_menu_bg.jpg]
[preview.uideck.com/items/cafe/assets/images/menu-1.jpg]
[preview.uideck.com/items/cafe/assets/images/menu-2.jpg]
[preview.uideck.com/items/cafe/assets/images/menu-3.jpg]
[preview.uideck.com/items/cafe/assets/images/menu-4.jpg]
[preview.uideck.com/items/cafe/assets/images/menu-5.jpg]
[preview.uideck.com/items/cafe/assets/images/menu-6.jpg]
[preview.uideck.com/items/cafe/assets/images/upcoming-1.jpg]
[preview.uideck.com/items/cafe/assets/images/upcoming-2.jpg]
[preview.uideck.com/items/cafe/assets/images/instagram-1.jpg]
[preview.uideck.com/items/cafe/assets/images/instagram-2.jpg]
[preview.uideck.com/items/cafe/assets/images/instagram-3.jpg]
[preview.uideck.com/items/cafe/assets/images/instagram-4.jpg]
[preview.uideck.com/items/cafe/assets/images/footer_shape.png]
[preview.uideck.com/items/cafe/assets/js/vendor/jquery-3.5.1.min.js]
[preview.uideck.com/items/cafe/assets/js/vendor/modernizr-3.7.1.min.js]
[preview.uideck.com/items/cafe/assets/js/popper.min.js]
[preview.uideck.com/items/cafe/assets/js/bootstrap.min.js]
[preview.uideck.com/items/cafe/assets/js/slick.min.js]
[preview.uideck.com/items/cafe/assets/js/ajax-contact.js]
[preview.uideck.com/items/cafe/assets/js/jquery.easing.min.js]
[preview.uideck.com/items/cafe/assets/js/scrolling-nav.js]
[preview.uideck.com/items/cafe/assets/js/wow.min.js]
[preview.uideck.com/items/cafe/assets/js/main.js]
[preview.uideck.com/cdn-cgi/challenge-platform/scripts/jsd/main.js]
[preview.uideck.com/items/cafe/index.html]
[preview.uideck.com/items/cafe/assets/css/animate.css]
[preview.uideck.com/items/cafe/assets/css/slick.css]
[preview.uideck.com/cdn-cgi/challenge-platform/h/g/scripts/jsd/74bd6362/main.js]
[preview.uideck.com/items/cafe/assets/fonts/LineIcons.eot]
[preview.uideck.com/items/cafe/assets/fonts/LineIcons.woff2]
[preview.uideck.com/items/cafe/assets/fonts/LineIcons.woff]
[preview.uideck.com/items/cafe/assets/fonts/LineIcons.ttf]
[preview.uideck.com/items/cafe/assets/css/LineIcons.css]
[preview.uideck.com/items/cafe/assets/css/bootstrap.min.css]
[preview.uideck.com/items/cafe/assets/css/default.css]
[preview.uideck.com/items/cafe/assets/css/style.css]
[preview.uideck.com/items/cafe/assets/images/logo.svg]
[preview.uideck.com/items/cafe/assets/fonts/LineIcons.svg]
[preview.uideck.com/items/cafe/assets/fonts/LineIcons.svg]
